// Jest Snapshot v1, https://goo.gl/fbAQLP

exports[`PokemonList component snapshot 1`] = `<ul />`;
